------------------------------------------------------------
Timing Analyzer Summary
------------------------------------------------------------

Type  : Slow 1100mV 85C Model Setup 'PLL|altpll_component|auto_generated|generic_pll2~PLL_OUTPUT_COUNTER|divclk'
Slack : 4.433
TNS   : 0.000

Type  : Slow 1100mV 85C Model Setup 'PLL|altpll_component|auto_generated|generic_pll1~PLL_OUTPUT_COUNTER|divclk'
Slack : 5.913
TNS   : 0.000

Type  : Slow 1100mV 85C Model Hold 'PLL|altpll_component|auto_generated|generic_pll1~PLL_OUTPUT_COUNTER|divclk'
Slack : 0.326
TNS   : 0.000

Type  : Slow 1100mV 85C Model Hold 'PLL|altpll_component|auto_generated|generic_pll2~PLL_OUTPUT_COUNTER|divclk'
Slack : 0.337
TNS   : 0.000

Type  : Slow 1100mV 85C Model Minimum Pulse Width 'PLL|altpll_component|auto_generated|generic_pll1~FRACTIONAL_PLL|vcoph[0]'
Slack : 1.666
TNS   : 0.000

Type  : Slow 1100mV 85C Model Minimum Pulse Width 'PLL|altpll_component|auto_generated|generic_pll2~PLL_OUTPUT_COUNTER|divclk'
Slack : 3.772
TNS   : 0.000

Type  : Slow 1100mV 85C Model Minimum Pulse Width 'PLL|altpll_component|auto_generated|generic_pll1~PLL_OUTPUT_COUNTER|divclk'
Slack : 8.772
TNS   : 0.000

Type  : Slow 1100mV 85C Model Minimum Pulse Width 'sys_clk'
Slack : 9.670
TNS   : 0.000

Type  : Slow 1100mV 0C Model Setup 'PLL|altpll_component|auto_generated|generic_pll2~PLL_OUTPUT_COUNTER|divclk'
Slack : 4.381
TNS   : 0.000

Type  : Slow 1100mV 0C Model Setup 'PLL|altpll_component|auto_generated|generic_pll1~PLL_OUTPUT_COUNTER|divclk'
Slack : 6.021
TNS   : 0.000

Type  : Slow 1100mV 0C Model Hold 'PLL|altpll_component|auto_generated|generic_pll1~PLL_OUTPUT_COUNTER|divclk'
Slack : 0.308
TNS   : 0.000

Type  : Slow 1100mV 0C Model Hold 'PLL|altpll_component|auto_generated|generic_pll2~PLL_OUTPUT_COUNTER|divclk'
Slack : 0.314
TNS   : 0.000

Type  : Slow 1100mV 0C Model Minimum Pulse Width 'PLL|altpll_component|auto_generated|generic_pll1~FRACTIONAL_PLL|vcoph[0]'
Slack : 1.666
TNS   : 0.000

Type  : Slow 1100mV 0C Model Minimum Pulse Width 'PLL|altpll_component|auto_generated|generic_pll2~PLL_OUTPUT_COUNTER|divclk'
Slack : 3.749
TNS   : 0.000

Type  : Slow 1100mV 0C Model Minimum Pulse Width 'PLL|altpll_component|auto_generated|generic_pll1~PLL_OUTPUT_COUNTER|divclk'
Slack : 8.760
TNS   : 0.000

Type  : Slow 1100mV 0C Model Minimum Pulse Width 'sys_clk'
Slack : 9.673
TNS   : 0.000

Type  : Fast 1100mV 85C Model Setup 'PLL|altpll_component|auto_generated|generic_pll2~PLL_OUTPUT_COUNTER|divclk'
Slack : 6.760
TNS   : 0.000

Type  : Fast 1100mV 85C Model Setup 'PLL|altpll_component|auto_generated|generic_pll1~PLL_OUTPUT_COUNTER|divclk'
Slack : 7.454
TNS   : 0.000

Type  : Fast 1100mV 85C Model Hold 'PLL|altpll_component|auto_generated|generic_pll1~PLL_OUTPUT_COUNTER|divclk'
Slack : 0.178
TNS   : 0.000

Type  : Fast 1100mV 85C Model Hold 'PLL|altpll_component|auto_generated|generic_pll2~PLL_OUTPUT_COUNTER|divclk'
Slack : 0.178
TNS   : 0.000

Type  : Fast 1100mV 85C Model Minimum Pulse Width 'PLL|altpll_component|auto_generated|generic_pll1~FRACTIONAL_PLL|vcoph[0]'
Slack : 1.666
TNS   : 0.000

Type  : Fast 1100mV 85C Model Minimum Pulse Width 'PLL|altpll_component|auto_generated|generic_pll2~PLL_OUTPUT_COUNTER|divclk'
Slack : 3.883
TNS   : 0.000

Type  : Fast 1100mV 85C Model Minimum Pulse Width 'PLL|altpll_component|auto_generated|generic_pll1~PLL_OUTPUT_COUNTER|divclk'
Slack : 8.884
TNS   : 0.000

Type  : Fast 1100mV 85C Model Minimum Pulse Width 'sys_clk'
Slack : 9.336
TNS   : 0.000

Type  : Fast 1100mV 0C Model Setup 'PLL|altpll_component|auto_generated|generic_pll2~PLL_OUTPUT_COUNTER|divclk'
Slack : 6.998
TNS   : 0.000

Type  : Fast 1100mV 0C Model Setup 'PLL|altpll_component|auto_generated|generic_pll1~PLL_OUTPUT_COUNTER|divclk'
Slack : 7.690
TNS   : 0.000

Type  : Fast 1100mV 0C Model Hold 'PLL|altpll_component|auto_generated|generic_pll1~PLL_OUTPUT_COUNTER|divclk'
Slack : 0.164
TNS   : 0.000

Type  : Fast 1100mV 0C Model Hold 'PLL|altpll_component|auto_generated|generic_pll2~PLL_OUTPUT_COUNTER|divclk'
Slack : 0.169
TNS   : 0.000

Type  : Fast 1100mV 0C Model Minimum Pulse Width 'PLL|altpll_component|auto_generated|generic_pll1~FRACTIONAL_PLL|vcoph[0]'
Slack : 1.666
TNS   : 0.000

Type  : Fast 1100mV 0C Model Minimum Pulse Width 'PLL|altpll_component|auto_generated|generic_pll2~PLL_OUTPUT_COUNTER|divclk'
Slack : 3.886
TNS   : 0.000

Type  : Fast 1100mV 0C Model Minimum Pulse Width 'PLL|altpll_component|auto_generated|generic_pll1~PLL_OUTPUT_COUNTER|divclk'
Slack : 8.886
TNS   : 0.000

Type  : Fast 1100mV 0C Model Minimum Pulse Width 'sys_clk'
Slack : 9.286
TNS   : 0.000

------------------------------------------------------------
